#
# A fatal error has been detected by the Java Runtime Environment:
#
#  EXCEPTION_UNCAUGHT_CXX_EXCEPTION (0xe06d7363) at pc=0x00007ffee10e79da, pid=26020, tid=11216
#
# JRE version: OpenJDK Runtime Environment (25.0.2+10) (build 25.0.2+10-69)
# Java VM: OpenJDK 64-Bit Server VM (25.0.2+10-69, mixed mode, sharing, tiered, compressed oops, compressed class ptrs, g1 gc, windows-amd64)
# Problematic frame:
# C  [KERNELBASE.dll+0xc79da]
#
# No core dump will be written. Minidumps are not enabled by default on client versions of Windows
#
# If you would like to submit a bug report, please visit:
#   https://bugreport.java.com/bugreport/crash.jsp
# The crash happened outside the Java Virtual Machine in native code.
# See problematic frame for where to report the bug.
#

---------------  S U M M A R Y ------------

Command Line: -javaagent:E:\IntelliJ IDEA 2025.3.3\lib\idea_rt.jar=55866 -Dfile.encoding=UTF-8 -Dsun.stdout.encoding=UTF-8 -Dsun.stderr.encoding=UTF-8 --module-path=C:\Users\AsusZenBook\.m2\repository\org\controlsfx\controlsfx\11.2.1\controlsfx-11.2.1.jar;C:\Users\AsusZenBook\.m2\repository\org\openjfx\javafx-base\21.0.6\javafx-base-21.0.6-win.jar;C:\Users\AsusZenBook\.m2\repository\org\openjfx\javafx-graphics\21.0.6\javafx-graphics-21.0.6-win.jar;C:\Users\AsusZenBook\.m2\repository\org\openjfx\javafx-fxml\21.0.6\javafx-fxml-21.0.6-win.jar;C:\Users\AsusZenBook\IdeaProjects\auctionreal\target\classes;C:\Users\AsusZenBook\.m2\repository\org\openjfx\javafx-controls\21.0.6\javafx-controls-21.0.6-win.jar -Djdk.module.main=org.example.auctionreal org.example.auctionreal/org.example.auctionreal.HelloApplication

Host: Intel(R) Core(TM) i5-10210U CPU @ 1.60GHz, 8 cores, 7G,  Windows 11 , 64 bit Build 26100 (10.0.26100.8246)
Time: Sat Apr 18 18:23:25 2026 SE Asia Standard Time elapsed time: 2.774864 seconds (0d 0h 0m 2s)

---------------  T H R E A D  ---------------

Current thread (0x000002159ebcd830):  JavaThread "QuantumRenderer-0" daemon [_thread_in_native, id=11216, stack(0x0000006a19400000,0x0000006a19500000) (1024K)]

Stack: [0x0000006a19400000,0x0000006a19500000],  sp=0x0000006a194f9f60,  free space=999k
Native frames: (J=compiled Java code, j=interpreted, Vv=VM code, C=native code)
C  [KERNELBASE.dll+0xc79da]  (no source info available)
C  [igdumdim64.dll+0xd76a8]  (no source info available)

Java frames: (J=compiled Java code, j=interpreted, Vv=VM code)
j  com.sun.prism.d3d.D3DResourceFactory.nGetContext(I)J+0 javafx.graphics@21.0.6
j  com.sun.prism.d3d.D3DPipeline.createResourceFactory(ILcom/sun/glass/ui/Screen;)Lcom/sun/prism/d3d/D3DResourceFactory;+1 javafx.graphics@21.0.6
j  com.sun.prism.d3d.D3DPipeline.getD3DResourceFactory(ILcom/sun/glass/ui/Screen;)Lcom/sun/prism/d3d/D3DResourceFactory;+16 javafx.graphics@21.0.6
j  com.sun.prism.d3d.D3DPipeline.findDefaultResourceFactory(Ljava/util/List;)Lcom/sun/prism/d3d/D3DResourceFactory;+37 javafx.graphics@21.0.6
j  com.sun.prism.d3d.D3DPipeline.getDefaultResourceFactory(Ljava/util/List;)Lcom/sun/prism/ResourceFactory;+9 javafx.graphics@21.0.6
j  com.sun.prism.GraphicsPipeline.getDefaultResourceFactory()Lcom/sun/prism/ResourceFactory;+8 javafx.graphics@21.0.6
j  com.sun.javafx.tk.quantum.QuantumRenderer.lambda$createResourceFactory$2()V+0 javafx.graphics@21.0.6
j  com.sun.javafx.tk.quantum.QuantumRenderer$$Lambda+0x000000002e06e5b0.run()V+0 javafx.graphics@21.0.6
j  java.util.concurrent.Executors$RunnableAdapter.call()Ljava/lang/Object;+4 java.base@25.0.2
j  java.util.concurrent.FutureTask.runAndReset()Z+44 java.base@25.0.2
j  com.sun.javafx.tk.RenderJob.run()V+1 javafx.graphics@21.0.6
j  java.util.concurrent.ThreadPoolExecutor.runWorker(Ljava/util/concurrent/ThreadPoolExecutor$Worker;)V+92 java.base@25.0.2
j  java.util.concurrent.ThreadPoolExecutor$Worker.run()V+5 java.base@25.0.2
j  com.sun.javafx.tk.quantum.QuantumRenderer$PipelineRunnable.run()V+8 javafx.graphics@21.0.6
j  java.lang.Thread.runWith(Ljava/lang/Object;Ljava/lang/Runnable;)V+5 java.base@25.0.2
j  java.lang.Thread.run()V+19 java.base@25.0.2
v  ~StubRoutines::call_stub 0x0000021591b212ed

siginfo: EXCEPTION_UNCAUGHT_CXX_EXCEPTION (0xe06d7363), ExceptionInformation=0x0000000019930520 0x0000006a194fa0e0 0x00007ffe55709520 0x00007ffe555e0000 


Registers:
RAX=0x0000000000000000, RBX=0x0000006a194fa088, RCX=0x0000000000000000, RDX=0x0000000000000000
RSP=0x0000006a194f9f60, RBP=0x0000000000000004, RSI=0x0000000000000001, RDI=0x00000000e06d7363
R8 =0x0000000000000000, R9 =0x0000000000000000, R10=0x0000000000000000, R11=0x0000000000000000
R12=0x0000000000000000, R13=0x0000000000000000, R14=0x0000000000020000, R15=0x0000006a194fab70
RIP=0x00007ffee10e79da, EFLAGS=0x0000000000000202

XMM[0]=0x0000000000000000 0x0000000000000000
XMM[1]=0x0000000000000000 0x0000000000000000
XMM[2]=0x0000000000000000 0x0000000000000000
XMM[3]=0x0000000000000000 0x0000000000000000
XMM[4]=0x0000000000000000 0x0000000000000000
XMM[5]=0x0000000000000000 0x0000000000000000
XMM[6]=0x0000000000000000 0x0000000000000000
XMM[7]=0x0000000000000000 0x0000000000000000
XMM[8]=0x0000000000000000 0x0000000000000000
XMM[9]=0x0000000000000000 0x0000000000000000
XMM[10]=0x0000000000000000 0x0000000000000000
XMM[11]=0x0000000000000000 0x0000000000000000
XMM[12]=0x0000000000000000 0x0000000000000000
XMM[13]=0x0000000000000000 0x0000000000000000
XMM[14]=0x0000000000000000 0x0000000000000000
XMM[15]=0x0000000000000000 0x0000000000000000
  MXCSR=0x00001fa0


Register to memory mapping:

RAX=0x0 is null
RBX=0x0000006a194fa088 is pointing into the stack for thread: 0x000002159ebcd830
RCX=0x0 is null
RDX=0x0 is null
RSP=0x0000006a194f9f60 is pointing into the stack for thread: 0x000002159ebcd830
RBP=0x0000000000000004 is an unknown value
RSI=0x0000000000000001 is an unknown value
RDI=0x00000000e06d7363 is an unallocated location in the heap
R8 =0x0 is null
R9 =0x0 is null
R10=0x0 is null
R11=0x0 is null
R12=0x0 is null
R13=0x0 is null
R14=0x0000000000020000 is an unknown value
R15=0x0000006a194fab70 is pointing into the stack for thread: 0x000002159ebcd830

Top of Stack: (sp=0x0000006a194f9f60)
0x0000006a194f9f60:   0000000000000000 0000006a194fa088   ..........O.j...
0x0000006a194f9f70:   0000000000000001 00000000e06d7363   ........csm.....
0x0000006a194f9f80:   00000081e06d7363 0000000000000000   csm.............
0x0000006a194f9f90:   00007ffee10e79da 0000000000000004   .y..............
0x0000006a194f9fa0:   0000000019930520 0000006a194fa0e0    .........O.j...
0x0000006a194f9fb0:   00007ffe55709520 00007ffe555e0000    .pU......^U....
0x0000006a194f9fc0:   0000000000000000 0000000000000000   ................
0x0000006a194f9fd0:   0000000000000000 0000000000000000   ................
0x0000006a194f9fe0:   0000000000000000 0000000000000000   ................
0x0000006a194f9ff0:   0000000000000000 0000000000000000   ................
0x0000006a194fa000:   0000000000000000 0000000000000000   ................
0x0000006a194fa010:   0000000000000000 00000215ff860000   ................
0x0000006a194fa020:   0000753aaba927de 00000215a46c1780   .'..:u....l.....
0x0000006a194fa030:   00007ffe55735000 0000000019930520   .PsU.... .......
0x0000006a194fa040:   0000006a194fa0e0 00000215a46c1780   ..O.j.....l.....
0x0000006a194fa050:   00007ffe55709520 00007ffe556b76a8    .pU.....vkU....
0x0000006a194fa060:   0000000000000000 0000000000000000   ................
0x0000006a194fa070:   00000215a457e398 00007ffe556c1165   ..W.....e.lU....
0x0000006a194fa080:   00007ffe555e0000 0000000019930520   ..^U.... .......
0x0000006a194fa090:   0000006a194fa0e0 00007ffe55709520   ..O.j... .pU....
0x0000006a194fa0a0:   00007ffe555e0000 00007ffe556bfccb   ..^U......kU....
0x0000006a194fa0b0:   00000215a457e398 00007ffe556b6c37   ..W.....7lkU....
0x0000006a194fa0c0:   0000000000000000 0000000000000000   ................
0x0000006a194fa0d0:   0000000000020027 0000000000000010   '...............
0x0000006a194fa0e0:   00007ffe556d2140 00007ffe556f58b0   @!mU.....XoU....
0x0000006a194fa0f0:   0000000000000000 0000000000000000   ................
0x0000006a194fa100:   0000000000020027 00007ffe556b6229   '.......)bkU....
0x0000006a194fa110:   0000006a194fab70 0000000000000080   p.O.j...........
0x0000006a194fa120:   0000000000000000 0000000000000000   ................
0x0000006a194fa130:   00000215a458c1d0 00007ffe555f4b61   ..X.....aK_U....
0x0000006a194fa140:   0000006a194fab70 0000000000000080   p.O.j...........
0x0000006a194fa150:   0000000000000000 0000000000000000   ................

Instructions: (pc=0x00007ffee10e79da)
  0x00007ffee10e78da:   00 e8 20 41 fe ff 48 8b cb e8 d8 e0 f7 ff 48 85
  0x00007ffee10e78ea:   f6 74 08 48 8b ce e8 cb e0 f7 ff 48 85 ff 74 08
  0x00007ffee10e78fa:   48 8b cf e8 be e0 f7 ff 8b 4c 24 40 48 ff 15 03
  0x00007ffee10e790a:   b1 1c 00 0f 1f 44 00 00 90 48 8b 8c 24 a0 02 00
  0x00007ffee10e791a:   00 48 33 cc e8 bd b2 0c 00 4c 8d 9c 24 b0 02 00
  0x00007ffee10e792a:   00 49 8b 5b 38 49 8b 73 40 49 8b e3 41 5f 41 5e
  0x00007ffee10e793a:   41 5d 41 5c 5f c3 cc cc cc cc cc cc cc cc cc cc
  0x00007ffee10e794a:   cc cc cc cc cc cc 40 53 55 56 57 48 81 ec d8 00
  0x00007ffee10e795a:   00 00 48 8b 05 6d 47 2d 00 48 33 c4 48 89 84 24
  0x00007ffee10e796a:   c0 00 00 00 8b f2 41 8b e8 33 d2 8b f9 48 8d 4c
  0x00007ffee10e797a:   24 3c 49 8b d9 44 8d 42 7c e8 f9 49 06 00 33 c9
  0x00007ffee10e798a:   89 7c 24 20 83 e6 01 48 89 4c 24 28 89 74 24 24
  0x00007ffee10e799a:   48 8d 05 af ff ff ff 48 89 44 24 30 48 85 db 74
  0x00007ffee10e79aa:   51 41 b8 0f 00 00 00 48 8d 4c 24 40 41 3b e8 48
  0x00007ffee10e79ba:   8b d3 44 0f 46 c5 44 89 44 24 38 49 c1 e0 03 e8
  0x00007ffee10e79ca:   c9 b1 0c 00 48 8d 4c 24 20 48 ff 15 56 b7 1c 00
=>0x00007ffee10e79da:   0f 1f 44 00 00 48 8b 8c 24 c0 00 00 00 48 33 cc
  0x00007ffee10e79ea:   e8 f1 b1 0c 00 48 81 c4 d8 00 00 00 5f 5e 5d 5b
  0x00007ffee10e79fa:   c3 cc 89 4c 24 38 eb cc cc cc cc cc cc cc cc cc
  0x00007ffee10e7a0a:   cc cc cc cc cc cc 48 89 5c 24 10 48 89 74 24 18
  0x00007ffee10e7a1a:   57 48 83 ec 30 48 8b d9 33 ff f6 c1 08 0f 84 a7
  0x00007ffee10e7a2a:   00 00 00 48 8b 0d 7c a2 2d 00 48 ff 15 55 b1 1c
  0x00007ffee10e7a3a:   00 0f 1f 44 00 00 90 48 8d 53 f8 48 8d 0d 34 a2
  0x00007ffee10e7a4a:   2d 00 48 ff 15 0d b1 1c 00 0f 1f 44 00 00 84 c0
  0x00007ffee10e7a5a:   74 2f 48 8b 3b 48 89 7c 24 20 48 85 ff 74 1b 0f
  0x00007ffee10e7a6a:   b7 4b fa ba ff 00 00 00 8d 41 01 66 89 43 fa 66
  0x00007ffee10e7a7a:   3b ca 75 1e 66 89 4b fa eb 18 b9 9d 00 00 00 eb
  0x00007ffee10e7a8a:   05 b9 06 00 00 00 48 ff 15 79 af 1c 00 0f 1f 44
  0x00007ffee10e7a9a:   00 00 eb 0f 33 ff 48 89 7c 24 20 8b c8 e8 c4 a6
  0x00007ffee10e7aaa:   f7 ff 90 48 8b 0d fc a1 2d 00 48 ff 15 cd b0 1c
  0x00007ffee10e7aba:   00 0f 1f 44 00 00 48 8b c7 48 8b 5c 24 48 48 8b
  0x00007ffee10e7aca:   74 24 50 48 83 c4 30 5f c3 cc 48 8b 05 35 b5 2d


Stack slot to memory mapping:

stack at sp + 0 slots: 0x0 is null
stack at sp + 1 slots: 0x0000006a194fa088 is pointing into the stack for thread: 0x000002159ebcd830
stack at sp + 2 slots: 0x0000000000000001 is an unknown value
stack at sp + 3 slots: 0x00000000e06d7363 is an unallocated location in the heap
stack at sp + 4 slots: 0x00000081e06d7363 is an unknown value
stack at sp + 5 slots: 0x0 is null
stack at sp + 6 slots: 0x00007ffee10e79da KERNELBASE.dll
stack at sp + 7 slots: 0x0000000000000004 is an unknown value

Lock stack of current Java thread (top to bottom):


---------------  P R O C E S S  ---------------

Threads class SMR info:
_java_thread_list=0x00000215a34de1b0, length=15, elements={
0x0000021581d5d290, 0x000002159ebb8210, 0x000002159ebb97e0, 0x000002159ebbe320,
0x000002159ebc0040, 0x000002159ebc3780, 0x000002159ebc7160, 0x000002159ebd3160,
0x000002159ebf9a40, 0x00000215a3076cb0, 0x00000215a41674c0, 0x00000215a3bd7080,
0x000002159ebcd830, 0x000002159ebce000, 0x00000215a39d9ba0
}

Java Threads: ( => current thread )
  0x0000021581d5d290 JavaThread "main"                              [_thread_blocked, id=14000, stack(0x0000006a18300000,0x0000006a18400000) (1024K)]
  0x000002159ebb8210 JavaThread "Reference Handler"          daemon [_thread_blocked, id=19812, stack(0x0000006a18b00000,0x0000006a18c00000) (1024K)]
  0x000002159ebb97e0 JavaThread "Finalizer"                  daemon [_thread_blocked, id=27020, stack(0x0000006a18c00000,0x0000006a18d00000) (1024K)]
  0x000002159ebbe320 JavaThread "Signal Dispatcher"          daemon [_thread_blocked, id=4704, stack(0x0000006a18d00000,0x0000006a18e00000) (1024K)]
  0x000002159ebc0040 JavaThread "Attach Listener"            daemon [_thread_blocked, id=17448, stack(0x0000006a18e00000,0x0000006a18f00000) (1024K)]
  0x000002159ebc3780 JavaThread "Service Thread"             daemon [_thread_blocked, id=3320, stack(0x0000006a18f00000,0x0000006a19000000) (1024K)]
  0x000002159ebc7160 JavaThread "Monitor Deflation Thread"   daemon [_thread_blocked, id=5276, stack(0x0000006a19000000,0x0000006a19100000) (1024K)]
  0x000002159ebd3160 JavaThread "C2 CompilerThread0"         daemon [_thread_blocked, id=8076, stack(0x0000006a19100000,0x0000006a19200000) (1024K)]
  0x000002159ebf9a40 JavaThread "C1 CompilerThread0"         daemon [_thread_blocked, id=17212, stack(0x0000006a19200000,0x0000006a19300000) (1024K)]
  0x00000215a3076cb0 JavaThread "Common-Cleaner"             daemon [_thread_blocked, id=17412, stack(0x0000006a19300000,0x0000006a19400000) (1024K)]
  0x00000215a41674c0 JavaThread "Monitor Ctrl-Break"         daemon [_thread_in_native, id=1256, stack(0x0000006a19600000,0x0000006a19700000) (1024K)]
  0x00000215a3bd7080 JavaThread "Notification Thread"        daemon [_thread_blocked, id=22604, stack(0x0000006a19700000,0x0000006a19800000) (1024K)]
=>0x000002159ebcd830 JavaThread "QuantumRenderer-0"          daemon [_thread_in_native, id=11216, stack(0x0000006a19400000,0x0000006a19500000) (1024K)]
  0x000002159ebce000 JavaThread "InvokeLaterDispatcher"      daemon [_thread_blocked, id=5880, stack(0x0000006a19800000,0x0000006a19900000) (1024K)]
  0x00000215a39d9ba0 JavaThread "JavaFX Application Thread"         [_thread_blocked, id=22340, stack(0x0000006a19900000,0x0000006a19a00000) (1024K)]
Total: 15

Other Threads:
  0x000002159eba7240 VMThread "VM Thread"                           [id=23488, stack(0x0000006a18a00000,0x0000006a18b00000) (1024K)]
  0x000002159eb97e10 WatcherThread "VM Periodic Task Thread"        [id=20548, stack(0x0000006a18900000,0x0000006a18a00000) (1024K)]
  0x0000021581db4f40 WorkerThread "GC Thread#0"                     [id=26900, stack(0x0000006a18400000,0x0000006a18500000) (1024K)]
  0x0000021581dce5a0 ConcurrentGCThread "G1 Main Marker"            [id=23332, stack(0x0000006a18500000,0x0000006a18600000) (1024K)]
  0x0000021581dd18f0 WorkerThread "G1 Conc#0"                       [id=17852, stack(0x0000006a18600000,0x0000006a18700000) (1024K)]
  0x0000021581e1e4b0 ConcurrentGCThread "G1 Refine#0"               [id=24340, stack(0x0000006a18700000,0x0000006a18800000) (1024K)]
  0x000002159ea640a0 ConcurrentGCThread "G1 Service"                [id=2976, stack(0x0000006a18800000,0x0000006a18900000) (1024K)]
Total: 7

Threads with active compile tasks:
Total: 0

VM state: not at safepoint (normal execution)

VM Mutex/Monitor currently owned by a thread: None

Heap address: 0x0000000083200000, size: 1998 MB, Compressed Oops mode: 32-bit

CDS archive(s) mapped at: [0x000000002d000000-0x000000002ddd0000-0x000000002ddd0000), size 14483456, SharedBaseAddress: 0x000000002d000000, ArchiveRelocationMode: 1.
Compressed class space mapped at: 0x000000002e000000-0x000000006e000000, reserved size: 1073741824
UseCompressedClassPointers 1, UseCompactObjectHeaders 0
Narrow klass pointer bits 32, Max shift 3
Narrow klass base: 0x000000002d000000, Narrow klass shift: 0
Encoding Range: [0x000000002d000000 - 0x000000012d000000), (4294967296 bytes)
Klass Range:    [0x000000002d010000 - 0x000000006e000000), (1090453504 bytes)
Klass ID Range:  [65536 - 1090519033) (1090453497)
Protection zone: [0x000000002d000000 - 0x000000002d010000), (65536 bytes)

GC Precious Log:
 CardTable entry size: 512
 Card Set container configuration: InlinePtr #cards 5 size 8 Array Of Cards #cards 10 size 36 Howl #buckets 4 coarsen threshold 1843 Howl Bitmap #cards 512 size 80 coarsen threshold 460 Card regions per heap region 1 cards per card region 2048
 CPUs: 8 total, 8 available
 Memory: 7990M
 Large Page Support: Disabled
 NUMA Support: Disabled
 Compressed Oops: Enabled (32-bit)
 Heap Region Size: 1M
 Heap Min Capacity: 8M
 Heap Initial Capacity: 126M
 Heap Max Capacity: 1998M
 Pre-touch: Disabled
 Parallel Workers: 8
 Concurrent Workers: 2
 Concurrent Refinement Workers: 8
 Periodic GC: Disabled

Heap:
 garbage-first heap   total reserved 2045952K, committed 131072K, used 20627K [0x0000000083200000, 0x0000000100000000)
  region size 1024K, 20 young (20480K), 0 survivors (0K)

Heap Regions: E=young(eden), S=young(survivor), O=old, HS=humongous(starts), HC=humongous(continues), CS=collection set, F=free, TAMS=top-at-mark-start, PB=parsable bottom
|   0|0x0000000083200000, 0x0000000083200000, 0x0000000083300000|  0%| F|  |TAMS 0x0000000083200000| PB 0x0000000083200000| Untracked |  0
|   1|0x0000000083300000, 0x0000000083300000, 0x0000000083400000|  0%| F|  |TAMS 0x0000000083300000| PB 0x0000000083300000| Untracked |  0
|   2|0x0000000083400000, 0x0000000083400000, 0x0000000083500000|  0%| F|  |TAMS 0x0000000083400000| PB 0x0000000083400000| Untracked |  0
|   3|0x0000000083500000, 0x0000000083500000, 0x0000000083600000|  0%| F|  |TAMS 0x0000000083500000| PB 0x0000000083500000| Untracked |  0
|   4|0x0000000083600000, 0x0000000083600000, 0x0000000083700000|  0%| F|  |TAMS 0x0000000083600000| PB 0x0000000083600000| Untracked |  0
|   5|0x0000000083700000, 0x0000000083700000, 0x0000000083800000|  0%| F|  |TAMS 0x0000000083700000| PB 0x0000000083700000| Untracked |  0
|   6|0x0000000083800000, 0x0000000083800000, 0x0000000083900000|  0%| F|  |TAMS 0x0000000083800000| PB 0x0000000083800000| Untracked |  0
|   7|0x0000000083900000, 0x0000000083900000, 0x0000000083a00000|  0%| F|  |TAMS 0x0000000083900000| PB 0x0000000083900000| Untracked |  0
|   8|0x0000000083a00000, 0x0000000083a00000, 0x0000000083b00000|  0%| F|  |TAMS 0x0000000083a00000| PB 0x0000000083a00000| Untracked |  0
|   9|0x0000000083b00000, 0x0000000083b00000, 0x0000000083c00000|  0%| F|  |TAMS 0x0000000083b00000| PB 0x0000000083b00000| Untracked |  0
|  10|0x0000000083c00000, 0x0000000083c00000, 0x0000000083d00000|  0%| F|  |TAMS 0x0000000083c00000| PB 0x0000000083c00000| Untracked |  0
|  11|0x0000000083d00000, 0x0000000083d00000, 0x0000000083e00000|  0%| F|  |TAMS 0x0000000083d00000| PB 0x0000000083d00000| Untracked |  0
|  12|0x0000000083e00000, 0x0000000083e00000, 0x0000000083f00000|  0%| F|  |TAMS 0x0000000083e00000| PB 0x0000000083e00000| Untracked |  0
|  13|0x0000000083f00000, 0x0000000083f00000, 0x0000000084000000|  0%| F|  |TAMS 0x0000000083f00000| PB 0x0000000083f00000| Untracked |  0
|  14|0x0000000084000000, 0x0000000084000000, 0x0000000084100000|  0%| F|  |TAMS 0x0000000084000000| PB 0x0000000084000000| Untracked |  0
|  15|0x0000000084100000, 0x0000000084100000, 0x0000000084200000|  0%| F|  |TAMS 0x0000000084100000| PB 0x0000000084100000| Untracked |  0
|  16|0x0000000084200000, 0x0000000084200000, 0x0000000084300000|  0%| F|  |TAMS 0x0000000084200000| PB 0x0000000084200000| Untracked |  0
|  17|0x0000000084300000, 0x0000000084300000, 0x0000000084400000|  0%| F|  |TAMS 0x0000000084300000| PB 0x0000000084300000| Untracked |  0
|  18|0x0000000084400000, 0x0000000084400000, 0x0000000084500000|  0%| F|  |TAMS 0x0000000084400000| PB 0x0000000084400000| Untracked |  0
|  19|0x0000000084500000, 0x0000000084500000, 0x0000000084600000|  0%| F|  |TAMS 0x0000000084500000| PB 0x0000000084500000| Untracked |  0
|  20|0x0000000084600000, 0x0000000084600000, 0x0000000084700000|  0%| F|  |TAMS 0x0000000084600000| PB 0x0000000084600000| Untracked |  0
|  21|0x0000000084700000, 0x0000000084700000, 0x0000000084800000|  0%| F|  |TAMS 0x0000000084700000| PB 0x0000000084700000| Untracked |  0
|  22|0x0000000084800000, 0x0000000084800000, 0x0000000084900000|  0%| F|  |TAMS 0x0000000084800000| PB 0x0000000084800000| Untracked |  0
|  23|0x0000000084900000, 0x0000000084900000, 0x0000000084a00000|  0%| F|  |TAMS 0x0000000084900000| PB 0x0000000084900000| Untracked |  0
|  24|0x0000000084a00000, 0x0000000084a00000, 0x0000000084b00000|  0%| F|  |TAMS 0x0000000084a00000| PB 0x0000000084a00000| Untracked |  0
|  25|0x0000000084b00000, 0x0000000084b00000, 0x0000000084c00000|  0%| F|  |TAMS 0x0000000084b00000| PB 0x0000000084b00000| Untracked |  0
|  26|0x0000000084c00000, 0x0000000084c00000, 0x0000000084d00000|  0%| F|  |TAMS 0x0000000084c00000| PB 0x0000000084c00000| Untracked |  0
|  27|0x0000000084d00000, 0x0000000084d00000, 0x0000000084e00000|  0%| F|  |TAMS 0x0000000084d00000| PB 0x0000000084d00000| Untracked |  0
|  28|0x0000000084e00000, 0x0000000084e00000, 0x0000000084f00000|  0%| F|  |TAMS 0x0000000084e00000| PB 0x0000000084e00000| Untracked |  0
|  29|0x0000000084f00000, 0x0000000084f00000, 0x0000000085000000|  0%| F|  |TAMS 0x0000000084f00000| PB 0x0000000084f00000| Untracked |  0
|  30|0x0000000085000000, 0x0000000085000000, 0x0000000085100000|  0%| F|  |TAMS 0x0000000085000000| PB 0x0000000085000000| Untracked |  0
|  31|0x0000000085100000, 0x0000000085100000, 0x0000000085200000|  0%| F|  |TAMS 0x0000000085100000| PB 0x0000000085100000| Untracked |  0
|  32|0x0000000085200000, 0x0000000085200000, 0x0000000085300000|  0%| F|  |TAMS 0x0000000085200000| PB 0x0000000085200000| Untracked |  0
|  33|0x0000000085300000, 0x0000000085300000, 0x0000000085400000|  0%| F|  |TAMS 0x0000000085300000| PB 0x0000000085300000| Untracked |  0
|  34|0x0000000085400000, 0x0000000085400000, 0x0000000085500000|  0%| F|  |TAMS 0x0000000085400000| PB 0x0000000085400000| Untracked |  0
|  35|0x0000000085500000, 0x0000000085500000, 0x0000000085600000|  0%| F|  |TAMS 0x0000000085500000| PB 0x0000000085500000| Untracked |  0
|  36|0x0000000085600000, 0x0000000085600000, 0x0000000085700000|  0%| F|  |TAMS 0x0000000085600000| PB 0x0000000085600000| Untracked |  0
|  37|0x0000000085700000, 0x0000000085700000, 0x0000000085800000|  0%| F|  |TAMS 0x0000000085700000| PB 0x0000000085700000| Untracked |  0
|  38|0x0000000085800000, 0x0000000085800000, 0x0000000085900000|  0%| F|  |TAMS 0x0000000085800000| PB 0x0000000085800000| Untracked |  0
|  39|0x0000000085900000, 0x0000000085900000, 0x0000000085a00000|  0%| F|  |TAMS 0x0000000085900000| PB 0x0000000085900000| Untracked |  0
|  40|0x0000000085a00000, 0x0000000085a00000, 0x0000000085b00000|  0%| F|  |TAMS 0x0000000085a00000| PB 0x0000000085a00000| Untracked |  0
|  41|0x0000000085b00000, 0x0000000085b00000, 0x0000000085c00000|  0%| F|  |TAMS 0x0000000085b00000| PB 0x0000000085b00000| Untracked |  0
|  42|0x0000000085c00000, 0x0000000085c00000, 0x0000000085d00000|  0%| F|  |TAMS 0x0000000085c00000| PB 0x0000000085c00000| Untracked |  0
|  43|0x0000000085d00000, 0x0000000085d00000, 0x0000000085e00000|  0%| F|  |TAMS 0x0000000085d00000| PB 0x0000000085d00000| Untracked |  0
|  44|0x0000000085e00000, 0x0000000085e00000, 0x0000000085f00000|  0%| F|  |TAMS 0x0000000085e00000| PB 0x0000000085e00000| Untracked |  0
|  45|0x0000000085f00000, 0x0000000085f00000, 0x0000000086000000|  0%| F|  |TAMS 0x0000000085f00000| PB 0x0000000085f00000| Untracked |  0
|  46|0x0000000086000000, 0x0000000086000000, 0x0000000086100000|  0%| F|  |TAMS 0x0000000086000000| PB 0x0000000086000000| Untracked |  0
|  47|0x0000000086100000, 0x0000000086100000, 0x0000000086200000|  0%| F|  |TAMS 0x0000000086100000| PB 0x0000000086100000| Untracked |  0
|  48|0x0000000086200000, 0x0000000086200000, 0x0000000086300000|  0%| F|  |TAMS 0x0000000086200000| PB 0x0000000086200000| Untracked |  0
|  49|0x0000000086300000, 0x0000000086300000, 0x0000000086400000|  0%| F|  |TAMS 0x0000000086300000| PB 0x0000000086300000| Untracked |  0
|  50|0x0000000086400000, 0x0000000086400000, 0x0000000086500000|  0%| F|  |TAMS 0x0000000086400000| PB 0x0000000086400000| Untracked |  0
|  51|0x0000000086500000, 0x0000000086500000, 0x0000000086600000|  0%| F|  |TAMS 0x0000000086500000| PB 0x0000000086500000| Untracked |  0
|  52|0x0000000086600000, 0x0000000086600000, 0x0000000086700000|  0%| F|  |TAMS 0x0000000086600000| PB 0x0000000086600000| Untracked |  0
|  53|0x0000000086700000, 0x0000000086700000, 0x0000000086800000|  0%| F|  |TAMS 0x0000000086700000| PB 0x0000000086700000| Untracked |  0
|  54|0x0000000086800000, 0x0000000086800000, 0x0000000086900000|  0%| F|  |TAMS 0x0000000086800000| PB 0x0000000086800000| Untracked |  0
|  55|0x0000000086900000, 0x0000000086900000, 0x0000000086a00000|  0%| F|  |TAMS 0x0000000086900000| PB 0x0000000086900000| Untracked |  0
|  56|0x0000000086a00000, 0x0000000086a00000, 0x0000000086b00000|  0%| F|  |TAMS 0x0000000086a00000| PB 0x0000000086a00000| Untracked |  0
|  57|0x0000000086b00000, 0x0000000086b00000, 0x0000000086c00000|  0%| F|  |TAMS 0x0000000086b00000| PB 0x0000000086b00000| Untracked |  0
|  58|0x0000000086c00000, 0x0000000086c00000, 0x0000000086d00000|  0%| F|  |TAMS 0x0000000086c00000| PB 0x0000000086c00000| Untracked |  0
|  59|0x0000000086d00000, 0x0000000086d00000, 0x0000000086e00000|  0%| F|  |TAMS 0x0000000086d00000| PB 0x0000000086d00000| Untracked |  0
|  60|0x0000000086e00000, 0x0000000086e00000, 0x0000000086f00000|  0%| F|  |TAMS 0x0000000086e00000| PB 0x0000000086e00000| Untracked |  0
|  61|0x0000000086f00000, 0x0000000086f00000, 0x0000000087000000|  0%| F|  |TAMS 0x0000000086f00000| PB 0x0000000086f00000| Untracked |  0
|  62|0x0000000087000000, 0x0000000087000000, 0x0000000087100000|  0%| F|  |TAMS 0x0000000087000000| PB 0x0000000087000000| Untracked |  0
|  63|0x0000000087100000, 0x0000000087100000, 0x0000000087200000|  0%| F|  |TAMS 0x0000000087100000| PB 0x0000000087100000| Untracked |  0
|  64|0x0000000087200000, 0x0000000087200000, 0x0000000087300000|  0%| F|  |TAMS 0x0000000087200000| PB 0x0000000087200000| Untracked |  0
|  65|0x0000000087300000, 0x0000000087300000, 0x0000000087400000|  0%| F|  |TAMS 0x0000000087300000| PB 0x0000000087300000| Untracked |  0
|  66|0x0000000087400000, 0x0000000087400000, 0x0000000087500000|  0%| F|  |TAMS 0x0000000087400000| PB 0x0000000087400000| Untracked |  0
|  67|0x0000000087500000, 0x0000000087500000, 0x0000000087600000|  0%| F|  |TAMS 0x0000000087500000| PB 0x0000000087500000| Untracked |  0
|  68|0x0000000087600000, 0x0000000087600000, 0x0000000087700000|  0%| F|  |TAMS 0x0000000087600000| PB 0x0000000087600000| Untracked |  0
|  69|0x0000000087700000, 0x0000000087700000, 0x0000000087800000|  0%| F|  |TAMS 0x0000000087700000| PB 0x0000000087700000| Untracked |  0
|  70|0x0000000087800000, 0x0000000087800000, 0x0000000087900000|  0%| F|  |TAMS 0x0000000087800000| PB 0x0000000087800000| Untracked |  0
|  71|0x0000000087900000, 0x0000000087900000, 0x0000000087a00000|  0%| F|  |TAMS 0x0000000087900000| PB 0x0000000087900000| Untracked |  0
|  72|0x0000000087a00000, 0x0000000087a00000, 0x0000000087b00000|  0%| F|  |TAMS 0x0000000087a00000| PB 0x0000000087a00000| Untracked |  0
|  73|0x0000000087b00000, 0x0000000087b00000, 0x0000000087c00000|  0%| F|  |TAMS 0x0000000087b00000| PB 0x0000000087b00000| Untracked |  0
|  74|0x0000000087c00000, 0x0000000087c00000, 0x0000000087d00000|  0%| F|  |TAMS 0x0000000087c00000| PB 0x0000000087c00000| Untracked |  0
|  75|0x0000000087d00000, 0x0000000087d00000, 0x0000000087e00000|  0%| F|  |TAMS 0x0000000087d00000| PB 0x0000000087d00000| Untracked |  0
|  76|0x0000000087e00000, 0x0000000087e00000, 0x0000000087f00000|  0%| F|  |TAMS 0x0000000087e00000| PB 0x0000000087e00000| Untracked |  0
|  77|0x0000000087f00000, 0x0000000087f00000, 0x0000000088000000|  0%| F|  |TAMS 0x0000000087f00000| PB 0x0000000087f00000| Untracked |  0
|  78|0x0000000088000000, 0x0000000088000000, 0x0000000088100000|  0%| F|  |TAMS 0x0000000088000000| PB 0x0000000088000000| Untracked |  0
|  79|0x0000000088100000, 0x0000000088100000, 0x0000000088200000|  0%| F|  |TAMS 0x0000000088100000| PB 0x0000000088100000| Untracked |  0
|  80|0x0000000088200000, 0x0000000088200000, 0x0000000088300000|  0%| F|  |TAMS 0x0000000088200000| PB 0x0000000088200000| Untracked |  0
|  81|0x0000000088300000, 0x0000000088300000, 0x0000000088400000|  0%| F|  |TAMS 0x0000000088300000| PB 0x0000000088300000| Untracked |  0
|  82|0x0000000088400000, 0x0000000088400000, 0x0000000088500000|  0%| F|  |TAMS 0x0000000088400000| PB 0x0000000088400000| Untracked |  0
|  83|0x0000000088500000, 0x0000000088500000, 0x0000000088600000|  0%| F|  |TAMS 0x0000000088500000| PB 0x0000000088500000| Untracked |  0
|  84|0x0000000088600000, 0x0000000088600000, 0x0000000088700000|  0%| F|  |TAMS 0x0000000088600000| PB 0x0000000088600000| Untracked |  0
|  85|0x0000000088700000, 0x0000000088700000, 0x0000000088800000|  0%| F|  |TAMS 0x0000000088700000| PB 0x0000000088700000| Untracked |  0
|  86|0x0000000088800000, 0x0000000088800000, 0x0000000088900000|  0%| F|  |TAMS 0x0000000088800000| PB 0x0000000088800000| Untracked |  0
|  87|0x0000000088900000, 0x0000000088900000, 0x0000000088a00000|  0%| F|  |TAMS 0x0000000088900000| PB 0x0000000088900000| Untracked |  0
|  88|0x0000000088a00000, 0x0000000088a00000, 0x0000000088b00000|  0%| F|  |TAMS 0x0000000088a00000| PB 0x0000000088a00000| Untracked |  0
|  89|0x0000000088b00000, 0x0000000088b00000, 0x0000000088c00000|  0%| F|  |TAMS 0x0000000088b00000| PB 0x0000000088b00000| Untracked |  0
|  90|0x0000000088c00000, 0x0000000088c00000, 0x0000000088d00000|  0%| F|  |TAMS 0x0000000088c00000| PB 0x0000000088c00000| Untracked |  0
|  91|0x0000000088d00000, 0x0000000088d00000, 0x0000000088e00000|  0%| F|  |TAMS 0x0000000088d00000| PB 0x0000000088d00000| Untracked |  0
|  92|0x0000000088e00000, 0x0000000088e00000, 0x0000000088f00000|  0%| F|  |TAMS 0x0000000088e00000| PB 0x0000000088e00000| Untracked |  0
|  93|0x0000000088f00000, 0x0000000088f00000, 0x0000000089000000|  0%| F|  |TAMS 0x0000000088f00000| PB 0x0000000088f00000| Untracked |  0
|  94|0x0000000089000000, 0x0000000089000000, 0x0000000089100000|  0%| F|  |TAMS 0x0000000089000000| PB 0x0000000089000000| Untracked |  0
|  95|0x0000000089100000, 0x0000000089100000, 0x0000000089200000|  0%| F|  |TAMS 0x0000000089100000| PB 0x0000000089100000| Untracked |  0
|  96|0x0000000089200000, 0x0000000089200000, 0x0000000089300000|  0%| F|  |TAMS 0x0000000089200000| PB 0x0000000089200000| Untracked |  0
|  97|0x0000000089300000, 0x0000000089300000, 0x0000000089400000|  0%| F|  |TAMS 0x0000000089300000| PB 0x0000000089300000| Untracked |  0
|  98|0x0000000089400000, 0x0000000089400000, 0x0000000089500000|  0%| F|  |TAMS 0x0000000089400000| PB 0x0000000089400000| Untracked |  0
|  99|0x0000000089500000, 0x0000000089500000, 0x0000000089600000|  0%| F|  |TAMS 0x0000000089500000| PB 0x0000000089500000| Untracked |  0
| 100|0x0000000089600000, 0x0000000089600000, 0x0000000089700000|  0%| F|  |TAMS 0x0000000089600000| PB 0x0000000089600000| Untracked |  0
| 101|0x0000000089700000, 0x0000000089700000, 0x0000000089800000|  0%| F|  |TAMS 0x0000000089700000| PB 0x0000000089700000| Untracked |  0
| 102|0x0000000089800000, 0x0000000089800000, 0x0000000089900000|  0%| F|  |TAMS 0x0000000089800000| PB 0x0000000089800000| Untracked |  0
| 103|0x0000000089900000, 0x0000000089900000, 0x0000000089a00000|  0%| F|  |TAMS 0x0000000089900000| PB 0x0000000089900000| Untracked |  0
| 104|0x0000000089a00000, 0x0000000089a00000, 0x0000000089b00000|  0%| F|  |TAMS 0x0000000089a00000| PB 0x0000000089a00000| Untracked |  0
| 105|0x0000000089b00000, 0x0000000089b00000, 0x0000000089c00000|  0%| F|  |TAMS 0x0000000089b00000| PB 0x0000000089b00000| Untracked |  0
| 106|0x0000000089c00000, 0x0000000089c80000, 0x0000000089d00000| 50%| E|  |TAMS 0x0000000089c00000| PB 0x0000000089c00000| Complete |  0
| 107|0x0000000089d00000, 0x0000000089e00000, 0x0000000089e00000|100%| E|CS|TAMS 0x0000000089d00000| PB 0x0000000089d00000| Complete |  0
| 108|0x0000000089e00000, 0x0000000089f00000, 0x0000000089f00000|100%| E|CS|TAMS 0x0000000089e00000| PB 0x0000000089e00000| Complete |  0
| 109|0x0000000089f00000, 0x000000008a000000, 0x000000008a000000|100%| E|CS|TAMS 0x0000000089f00000| PB 0x0000000089f00000| Complete |  0
| 110|0x000000008a000000, 0x000000008a100000, 0x000000008a100000|100%| E|CS|TAMS 0x000000008a000000| PB 0x000000008a000000| Complete |  0
| 111|0x000000008a100000, 0x000000008a200000, 0x000000008a200000|100%| E|CS|TAMS 0x000000008a100000| PB 0x000000008a100000| Complete |  0
| 112|0x000000008a200000, 0x000000008a300000, 0x000000008a300000|100%| E|CS|TAMS 0x000000008a200000| PB 0x000000008a200000| Complete |  0
| 113|0x000000008a300000, 0x000000008a400000, 0x000000008a400000|100%| E|CS|TAMS 0x000000008a300000| PB 0x000000008a300000| Complete |  0
| 114|0x000000008a400000, 0x000000008a500000, 0x000000008a500000|100%| E|CS|TAMS 0x000000008a400000| PB 0x000000008a400000| Complete |  0
| 115|0x000000008a500000, 0x000000008a600000, 0x000000008a600000|100%| E|CS|TAMS 0x000000008a500000| PB 0x000000008a500000| Complete |  0
| 116|0x000000008a600000, 0x000000008a700000, 0x000000008a700000|100%| E|CS|TAMS 0x000000008a600000| PB 0x000000008a600000| Complete |  0
| 117|0x000000008a700000, 0x000000008a800000, 0x000000008a800000|100%| E|CS|TAMS 0x000000008a700000| PB 0x000000008a700000| Complete |  0
| 118|0x000000008a800000, 0x000000008a900000, 0x000000008a900000|100%| E|CS|TAMS 0x000000008a800000| PB 0x000000008a800000| Complete |  0
| 119|0x000000008a900000, 0x000000008aa00000, 0x000000008aa00000|100%| E|CS|TAMS 0x000000008a900000| PB 0x000000008a900000| Complete |  0
| 120|0x000000008aa00000, 0x000000008ab00000, 0x000000008ab00000|100%| E|CS|TAMS 0x000000008aa00000| PB 0x000000008aa00000| Complete |  0
| 121|0x000000008ab00000, 0x000000008ac00000, 0x000000008ac00000|100%| E|CS|TAMS 0x000000008ab00000| PB 0x000000008ab00000| Complete |  0
| 122|0x000000008ac00000, 0x000000008ad00000, 0x000000008ad00000|100%| E|CS|TAMS 0x000000008ac00000| PB 0x000000008ac00000| Complete |  0
| 123|0x000000008ad00000, 0x000000008ae00000, 0x000000008ae00000|100%| E|CS|TAMS 0x000000008ad00000| PB 0x000000008ad00000| Complete |  0
| 124|0x000000008ae00000, 0x000000008af00000, 0x000000008af00000|100%| E|CS|TAMS 0x000000008ae00000| PB 0x000000008ae00000| Complete |  0
| 125|0x000000008af00000, 0x000000008b000000, 0x000000008b000000|100%| E|CS|TAMS 0x000000008af00000| PB 0x000000008af00000| Complete |  0
|1996|0x00000000ffe00000, 0x00000000fff00000, 0x00000000fff00000|100%| O|  |TAMS 0x00000000ffe00000| PB 0x00000000ffe00000| Untracked |  0
|1997|0x00000000fff00000, 0x00000000fff24ea8, 0x0000000100000000| 14%| O|  |TAMS 0x00000000fff00000| PB 0x00000000fff00000| Untracked |  0

Card table byte_map: [0x0000021599e20000,0x000002159a210000] _byte_map_base: 0x0000021599a07000

Marking Bits: (CMBitMap*) 0x0000021581db56d0
 Bits: [0x000002159a210000, 0x000002159c148000)

Polling page: 0x0000021581530000

Metaspace:
Metaspace        used 3320K, committed 3520K, reserved 1114112K
 class space     used 345K, committed 448K, reserved 1048576K

Usage:
  Non-class:      2.91 MB used.
      Class:    345.23 KB used.
       Both:      3.24 MB used.

Virtual space:
  Non-class space:       64.00 MB reserved,       3.00 MB (  5%) committed,  1 nodes.
      Class space:        1.00 GB reserved,     448.00 KB ( <1%) committed,  1 nodes.
             Both:        1.06 GB reserved,       3.44 MB ( <1%) committed. 

Chunk freelists:
   Non-Class:  10.86 MB
       Class:  15.54 MB
        Both:  26.40 MB

MaxMetaspaceSize: unlimited
CompressedClassSpaceSize: 1.00 GB
Initial GC threshold: 21.00 MB
Current GC threshold: 21.00 MB
CDS: on
 - commit_granule_bytes: 65536.
 - commit_granule_words: 8192.
 - virtual_space_node_default_size: 8388608.
 - enlarge_chunks_in_place: 1.
UseCompressedClassPointers 1, UseCompactObjectHeaders 0
Narrow klass pointer bits 32, Max shift 3
Narrow klass base: 0x000000002d000000, Narrow klass shift: 0
Encoding Range: [0x000000002d000000 - 0x000000012d000000), (4294967296 bytes)
Klass Range:    [0x000000002d010000 - 0x000000006e000000), (1090453504 bytes)
Klass ID Range:  [65536 - 1090519033) (1090453497)
Protection zone: [0x000000002d000000 - 0x000000002d010000), (65536 bytes)


Internal statistics:

num_allocs_failed_limit: 0.
num_arena_births: 64.
num_arena_deaths: 0.
num_vsnodes_births: 2.
num_vsnodes_deaths: 0.
num_space_committed: 55.
num_space_uncommitted: 0.
num_chunks_returned_to_freelist: 0.
num_chunks_taken_from_freelist: 132.
num_chunk_merges: 0.
num_chunk_splits: 90.
num_chunks_enlarged: 61.
num_inconsistent_stats: 0.

CodeHeap 'non-profiled nmethods': size=120064Kb used=306Kb max_used=306Kb free=119758Kb
 bounds [0x00000215920b0000, 0x0000021592320000, 0x00000215995f0000]
CodeHeap 'profiled nmethods': size=120000Kb used=1101Kb max_used=1101Kb free=118898Kb
 bounds [0x000002158a5f0000, 0x000002158a860000, 0x0000021591b20000]
CodeHeap 'non-nmethods': size=5696Kb used=1370Kb max_used=1413Kb free=4325Kb
 bounds [0x0000021591b20000, 0x0000021591d90000, 0x00000215920b0000]
CodeCache: size=245760Kb, used=2777Kb, max_used=2820Kb, free=242981Kb
 total_blobs=1430, nmethods=931, adapters=403, full_count=0
Compilation: enabled, stopped_count=0, restarted_count=0

Compilation events (20 events):
Event: 2.413 Thread 0x000002159ebf9a40  922       3       java.lang.invoke.MemberName::isCallerSensitive (8 bytes)
Event: 2.413 Thread 0x000002159ebf9a40 nmethod 922 0x000002158a701088 code [0x000002158a701180, 0x000002158a701340]
Event: 2.413 Thread 0x000002159ebf9a40  923       1       java.lang.invoke.InfoFromMemberName::getReferenceKind (5 bytes)
Event: 2.413 Thread 0x000002159ebf9a40 nmethod 923 0x00000215920fbf08 code [0x00000215920fc000, 0x00000215920fc0c8]
Event: 2.413 Thread 0x000002159ebf9a40  924       3       java.lang.StringBuilder::<init> (6 bytes)
Event: 2.413 Thread 0x000002159ebf9a40 nmethod 924 0x000002158a701388 code [0x000002158a701480, 0x000002158a7015b0]
Event: 2.413 Thread 0x000002159ebf9a40  925       3       java.lang.invoke.MethodHandles$Lookup::checkSymbolicClass (25 bytes)
Event: 2.413 Thread 0x000002159ebf9a40 nmethod 925 0x000002158a701688 code [0x000002158a701780, 0x000002158a701af0]
Event: 2.414 Thread 0x000002159ebf9a40  927       3       jdk.internal.access.SharedSecrets::getJavaLangAccess (4 bytes)
Event: 2.414 Thread 0x000002159ebf9a40 nmethod 927 0x000002158a701b08 code [0x000002158a701c00, 0x000002158a701cf8]
Event: 2.414 Thread 0x000002159ebf9a40  928       1       java.util.concurrent.locks.AbstractOwnableSynchronizer::setExclusiveOwnerThread (6 bytes)
Event: 2.414 Thread 0x000002159ebf9a40 nmethod 928 0x00000215920fc508 code [0x00000215920fc600, 0x00000215920fc710]
Event: 2.415 Thread 0x000002159ebf9a40  929       3       jdk.internal.ref.PhantomCleanable::clean (20 bytes)
Event: 2.415 Thread 0x000002159ebf9a40 nmethod 929 0x000002158a701e08 code [0x000002158a701f00, 0x000002158a702338]
Event: 2.415 Thread 0x000002159ebf9a40  930       3       jdk.internal.ref.CleanerImpl$PhantomCleanableRef::performCleanup (10 bytes)
Event: 2.415 Thread 0x000002159ebf9a40 nmethod 930 0x000002158a702388 code [0x000002158a702480, 0x000002158a702650]
Event: 2.415 Thread 0x000002159ebf9a40  931       3       java.nio.ByteBuffer::position (8 bytes)
Event: 2.415 Thread 0x000002159ebf9a40 nmethod 931 0x000002158a702688 code [0x000002158a702780, 0x000002158a7028d0]
Event: 2.419 Thread 0x000002159ebf9a40  932       3       java.util.concurrent.ConcurrentHashMap$Traverser::advance (188 bytes)
Event: 2.419 Thread 0x000002159ebf9a40 nmethod 932 0x000002158a702988 code [0x000002158a702a80, 0x000002158a703510]

GC Heap Usage History (0 events):
No events

Metaspace Usage History (0 events):
No events

Dll operation events (20 events):
Event: 0.900 Loaded shared library C:\Users\AsusZenBook\.openjfx\cache\21.0.6+3\amd64\api-ms-win-crt-filesystem-l1-1-0.dll
Event: 0.907 Loaded shared library C:\Users\AsusZenBook\.openjfx\cache\21.0.6+3\amd64\api-ms-win-crt-heap-l1-1-0.dll
Event: 0.915 Loaded shared library C:\Users\AsusZenBook\.openjfx\cache\21.0.6+3\amd64\api-ms-win-crt-locale-l1-1-0.dll
Event: 0.923 Loaded shared library C:\Users\AsusZenBook\.openjfx\cache\21.0.6+3\amd64\api-ms-win-crt-math-l1-1-0.dll
Event: 0.933 Loaded shared library C:\Users\AsusZenBook\.openjfx\cache\21.0.6+3\amd64\api-ms-win-crt-multibyte-l1-1-0.dll
Event: 0.941 Loaded shared library C:\Users\AsusZenBook\.openjfx\cache\21.0.6+3\amd64\api-ms-win-crt-private-l1-1-0.dll
Event: 0.948 Loaded shared library C:\Users\AsusZenBook\.openjfx\cache\21.0.6+3\amd64\api-ms-win-crt-process-l1-1-0.dll
Event: 0.956 Loaded shared library C:\Users\AsusZenBook\.openjfx\cache\21.0.6+3\amd64\api-ms-win-crt-runtime-l1-1-0.dll
Event: 0.963 Loaded shared library C:\Users\AsusZenBook\.openjfx\cache\21.0.6+3\amd64\api-ms-win-crt-stdio-l1-1-0.dll
Event: 0.971 Loaded shared library C:\Users\AsusZenBook\.openjfx\cache\21.0.6+3\amd64\api-ms-win-crt-string-l1-1-0.dll
Event: 0.978 Loaded shared library C:\Users\AsusZenBook\.openjfx\cache\21.0.6+3\amd64\api-ms-win-crt-time-l1-1-0.dll
Event: 0.987 Loaded shared library C:\Users\AsusZenBook\.openjfx\cache\21.0.6+3\amd64\api-ms-win-crt-utility-l1-1-0.dll
Event: 1.019 Loaded shared library C:\Users\AsusZenBook\.openjfx\cache\21.0.6+3\amd64\ucrtbase.dll
Event: 1.029 Loaded shared library C:\Users\AsusZenBook\.openjfx\cache\21.0.6+3\amd64\vcruntime140.dll
Event: 1.037 Loaded shared library C:\Users\AsusZenBook\.openjfx\cache\21.0.6+3\amd64\vcruntime140_1.dll
Event: 1.055 Loaded shared library C:\Users\AsusZenBook\.openjfx\cache\21.0.6+3\amd64\msvcp140.dll
Event: 1.062 Loaded shared library C:\Users\AsusZenBook\.openjfx\cache\21.0.6+3\amd64\msvcp140_1.dll
Event: 1.077 Loaded shared library C:\Users\AsusZenBook\.openjfx\cache\21.0.6+3\amd64\msvcp140_2.dll
Event: 1.898 Loaded shared library C:\Users\AsusZenBook\.openjfx\cache\21.0.6+3\amd64\prism_d3d.dll
Event: 2.389 Loaded shared library C:\Users\AsusZenBook\.openjfx\cache\21.0.6+3\amd64\glass.dll

Deoptimization events (20 events):
Event: 0.636 Thread 0x0000021581d5d290 DEOPT PACKING pc=0x00000215920c1568 sp=0x0000006a183fe7d0
Event: 0.636 Thread 0x0000021581d5d290 DEOPT UNPACKING pc=0x0000021591c3f582 sp=0x0000006a183fe718 mode 2
Event: 1.026 Thread 0x0000021581d5d290 DEOPT PACKING pc=0x000002158a6c338f sp=0x0000006a183fe760
Event: 1.026 Thread 0x0000021581d5d290 DEOPT UNPACKING pc=0x0000021591b71702 sp=0x0000006a183fdb80 mode 0
Event: 1.150 Thread 0x000002159ebcd830 Uncommon trap: trap_request=0xffffffde fr.pc=0x00000215920f9590 relative=0x0000000000000110
Event: 1.150 Thread 0x000002159ebcd830 Uncommon trap: reason=class_check action=maybe_recompile pc=0x00000215920f9590 method=jdk.internal.misc.Unsafe.allocateUninitializedArray(Ljava/lang/Class;I)Ljava/lang/Object; @ 51 c2
Event: 1.150 Thread 0x000002159ebcd830 DEOPT PACKING pc=0x00000215920f9590 sp=0x0000006a194f9410
Event: 1.150 Thread 0x000002159ebcd830 DEOPT UNPACKING pc=0x0000021591c3f582 sp=0x0000006a194f9388 mode 2
Event: 1.151 Thread 0x000002159ebcd830 Uncommon trap: trap_request=0xffffffde fr.pc=0x00000215920f9590 relative=0x0000000000000110
Event: 1.151 Thread 0x000002159ebcd830 Uncommon trap: reason=class_check action=maybe_recompile pc=0x00000215920f9590 method=jdk.internal.misc.Unsafe.allocateUninitializedArray(Ljava/lang/Class;I)Ljava/lang/Object; @ 51 c2
Event: 1.151 Thread 0x000002159ebcd830 DEOPT PACKING pc=0x00000215920f9590 sp=0x0000006a194fdaa0
Event: 1.151 Thread 0x000002159ebcd830 DEOPT UNPACKING pc=0x0000021591c3f582 sp=0x0000006a194fda18 mode 2
Event: 1.151 Thread 0x000002159ebcd830 Uncommon trap: trap_request=0xffffffde fr.pc=0x00000215920f9590 relative=0x0000000000000110
Event: 1.151 Thread 0x000002159ebcd830 Uncommon trap: reason=class_check action=maybe_recompile pc=0x00000215920f9590 method=jdk.internal.misc.Unsafe.allocateUninitializedArray(Ljava/lang/Class;I)Ljava/lang/Object; @ 51 c2
Event: 1.151 Thread 0x000002159ebcd830 DEOPT PACKING pc=0x00000215920f9590 sp=0x0000006a194fda30
Event: 1.151 Thread 0x000002159ebcd830 DEOPT UNPACKING pc=0x0000021591c3f582 sp=0x0000006a194fd9a8 mode 2
Event: 1.151 Thread 0x000002159ebcd830 Uncommon trap: trap_request=0xffffffde fr.pc=0x00000215920f9590 relative=0x0000000000000110
Event: 1.151 Thread 0x000002159ebcd830 Uncommon trap: reason=class_check action=maybe_recompile pc=0x00000215920f9590 method=jdk.internal.misc.Unsafe.allocateUninitializedArray(Ljava/lang/Class;I)Ljava/lang/Object; @ 51 c2
Event: 1.151 Thread 0x000002159ebcd830 DEOPT PACKING pc=0x00000215920f9590 sp=0x0000006a194fdb60
Event: 1.151 Thread 0x000002159ebcd830 DEOPT UNPACKING pc=0x0000021591c3f582 sp=0x0000006a194fdad8 mode 2

Classes loaded (20 events):
Event: 2.164 Loading class java/lang/ProcessEnvironment$CheckedEntrySet
Event: 2.164 Loading class java/lang/ProcessEnvironment$CheckedEntrySet done
Event: 2.164 Loading class java/lang/ProcessEnvironment$CheckedEntrySet$1
Event: 2.164 Loading class java/lang/ProcessEnvironment$CheckedEntrySet$1 done
Event: 2.164 Loading class java/lang/ProcessEnvironment$CheckedEntry
Event: 2.164 Loading class java/lang/ProcessEnvironment$CheckedEntry done
Event: 2.390 Loading class java/util/concurrent/BlockingDeque
Event: 2.390 Loading class java/util/concurrent/BlockingDeque done
Event: 2.390 Loading class java/util/concurrent/LinkedBlockingDeque
Event: 2.391 Loading class java/util/concurrent/LinkedBlockingDeque done
Event: 2.412 Loading class java/util/concurrent/FutureTask
Event: 2.413 Loading class java/util/concurrent/FutureTask done
Event: 2.414 Loading class java/util/concurrent/CancellationException
Event: 2.414 Loading class java/util/concurrent/CancellationException done
Event: 2.414 Loading class java/util/concurrent/ExecutionException
Event: 2.414 Loading class java/util/concurrent/ExecutionException done
Event: 2.414 Loading class java/util/concurrent/FutureTask$WaitNode
Event: 2.414 Loading class java/util/concurrent/FutureTask$WaitNode done
Event: 2.414 Loading class java/util/concurrent/Executors$RunnableAdapter
Event: 2.414 Loading class java/util/concurrent/Executors$RunnableAdapter done

Classes unloaded (0 events):
No events

Classes redefined (0 events):
No events

Internal exceptions (20 events):
Event: 0.909 Thread 0x0000021581d5d290 Exception <a 'java/io/IOException'{0x000000008a24c488}> (0x000000008a24c488) 
thrown [s\open\src\hotspot\share\prims\jni.cpp, line 516]
Event: 0.917 Thread 0x0000021581d5d290 Exception <a 'java/io/IOException'{0x000000008a254e10}> (0x000000008a254e10) 
thrown [s\open\src\hotspot\share\prims\jni.cpp, line 516]
Event: 0.925 Thread 0x0000021581d5d290 Exception <a 'java/io/IOException'{0x000000008a25ef80}> (0x000000008a25ef80) 
thrown [s\open\src\hotspot\share\prims\jni.cpp, line 516]
Event: 0.935 Thread 0x0000021581d5d290 Exception <a 'java/io/IOException'{0x000000008a268b18}> (0x000000008a268b18) 
thrown [s\open\src\hotspot\share\prims\jni.cpp, line 516]
Event: 0.943 Thread 0x0000021581d5d290 Exception <a 'java/io/IOException'{0x000000008a2786b8}> (0x000000008a2786b8) 
thrown [s\open\src\hotspot\share\prims\jni.cpp, line 516]
Event: 0.950 Thread 0x0000021581d5d290 Exception <a 'java/io/IOException'{0x000000008a2811b8}> (0x000000008a2811b8) 
thrown [s\open\src\hotspot\share\prims\jni.cpp, line 516]
Event: 0.958 Thread 0x0000021581d5d290 Exception <a 'java/io/IOException'{0x000000008a28b128}> (0x000000008a28b128) 
thrown [s\open\src\hotspot\share\prims\jni.cpp, line 516]
Event: 0.965 Thread 0x0000021581d5d290 Exception <a 'java/io/IOException'{0x000000008a294880}> (0x000000008a294880) 
thrown [s\open\src\hotspot\share\prims\jni.cpp, line 516]
Event: 0.973 Thread 0x0000021581d5d290 Exception <a 'java/io/IOException'{0x000000008a29e168}> (0x000000008a29e168) 
thrown [s\open\src\hotspot\share\prims\jni.cpp, line 516]
Event: 0.980 Thread 0x0000021581d5d290 Exception <a 'java/io/IOException'{0x000000008a2a6fc8}> (0x000000008a2a6fc8) 
thrown [s\open\src\hotspot\share\prims\jni.cpp, line 516]
Event: 0.989 Thread 0x0000021581d5d290 Exception <a 'java/io/IOException'{0x000000008a2af200}> (0x000000008a2af200) 
thrown [s\open\src\hotspot\share\prims\jni.cpp, line 516]
Event: 1.021 Thread 0x0000021581d5d290 Exception <a 'java/io/IOException'{0x000000008a2b6c58}> (0x000000008a2b6c58) 
thrown [s\open\src\hotspot\share\prims\jni.cpp, line 516]
Event: 1.031 Thread 0x0000021581d5d290 Exception <a 'java/io/IOException'{0x000000008a2d5de0}> (0x000000008a2d5de0) 
thrown [s\open\src\hotspot\share\prims\jni.cpp, line 516]
Event: 1.038 Thread 0x0000021581d5d290 Exception <a 'java/io/IOException'{0x000000008a2e5970}> (0x000000008a2e5970) 
thrown [s\open\src\hotspot\share\prims\jni.cpp, line 516]
Event: 1.056 Thread 0x0000021581d5d290 Exception <a 'java/io/IOException'{0x000000008a2ed2a0}> (0x000000008a2ed2a0) 
thrown [s\open\src\hotspot\share\prims\jni.cpp, line 516]
Event: 1.064 Thread 0x0000021581d5d290 Exception <a 'java/io/IOException'{0x000000008a2f9730}> (0x000000008a2f9730) 
thrown [s\open\src\hotspot\share\prims\jni.cpp, line 516]
Event: 1.153 Thread 0x000002159ebcd830 Exception <a 'java/io/IOException'{0x0000000089f24e60}> (0x0000000089f24e60) 
thrown [s\open\src\hotspot\share\prims\jni.cpp, line 516]
Event: 2.166 Thread 0x0000021581d5d290 Exception <a 'java/io/IOException'{0x0000000089edb1d8}> (0x0000000089edb1d8) 
thrown [s\open\src\hotspot\share\prims\jni.cpp, line 516]
Event: 2.394 Thread 0x0000021581d5d290 Exception <a 'java/lang/NoSuchMethodError'{0x0000000089d8e3d8}: 'java.lang.Object java.lang.invoke.DirectMethodHandle$Holder.newInvokeSpecial(java.lang.Object, java.lang.Object, int, java.lang.Object)'> (0x0000000089d8e3d8) 
thrown [s\open\src\hotspot\share\interpreter\linkResolver.cpp, line 804]
Event: 2.395 Thread 0x0000021581d5d290 Exception <a 'java/lang/NoSuchMethodError'{0x0000000089d97130}: 'java.lang.Object java.lang.invoke.Invokers$Holder.linkToTargetMethod(java.lang.Object, int, java.lang.Object, java.lang.Object)'> (0x0000000089d97130) 
thrown [s\open\src\hotspot\share\interpreter\linkResolver.cpp, line 804]

VM Operations (8 events):
Event: 0.329 Executing non-safepoint VM operation: HandshakeAllThreads (Deoptimize)
Event: 0.329 Executing non-safepoint VM operation: HandshakeAllThreads (Deoptimize) done
Event: 0.329 Executing non-safepoint VM operation: HandshakeAllThreads (Deoptimize)
Event: 0.329 Executing non-safepoint VM operation: HandshakeAllThreads (Deoptimize) done
Event: 0.329 Executing non-safepoint VM operation: HandshakeAllThreads (Deoptimize)
Event: 0.329 Executing non-safepoint VM operation: HandshakeAllThreads (Deoptimize) done
Event: 2.164 Executing non-safepoint VM operation: HandshakeAllThreads (Deoptimize)
Event: 2.164 Executing non-safepoint VM operation: HandshakeAllThreads (Deoptimize) done

Memory protections (0 events):
No events

Nmethod flushes (0 events):
No events

Events (19 events):
Event: 0.046 Thread 0x0000021581d5d290 Thread added: 0x0000021581d5d290
Event: 0.067 Thread 0x0000021581d5d290 Thread added: 0x000002159ebb8210
Event: 0.068 Thread 0x0000021581d5d290 Thread added: 0x000002159ebb97e0
Event: 0.068 Thread 0x0000021581d5d290 Thread added: 0x000002159ebbe320
Event: 0.068 Thread 0x0000021581d5d290 Thread added: 0x000002159ebc0040
Event: 0.068 Thread 0x0000021581d5d290 Thread added: 0x000002159ebc3780
Event: 0.068 Thread 0x0000021581d5d290 Thread added: 0x000002159ebc7160
Event: 0.069 Thread 0x0000021581d5d290 Thread added: 0x000002159ebd3160
Event: 0.069 Thread 0x0000021581d5d290 Thread added: 0x000002159ebf9a40
Event: 0.112 Thread 0x0000021581d5d290 Thread added: 0x00000215a3076cb0
Event: 0.181 Thread 0x000002159ebd3160 Thread added: 0x00000215a305bd30
Event: 0.201 Thread 0x000002159ebf9a40 Thread added: 0x00000215a305dd70
Event: 0.415 Thread 0x0000021581d5d290 Thread added: 0x00000215a41674c0
Event: 0.416 Thread 0x0000021581d5d290 Thread added: 0x00000215a3bd7080
Event: 0.887 Thread 0x00000215a305dd70 Thread exited: 0x00000215a305dd70
Event: 0.895 Thread 0x00000215a305bd30 Thread exited: 0x00000215a305bd30
Event: 1.144 Thread 0x0000021581d5d290 Thread added: 0x000002159ebcd830
Event: 2.391 Thread 0x0000021581d5d290 Thread added: 0x000002159ebce000
Event: 2.397 Thread 0x0000021581d5d290 Thread added: 0x00000215a39d9ba0


Dynamic libraries:
0x00007ff74b330000 - 0x00007ff74b33e000 	C:\Users\AsusZenBook\.jdks\openjdk-25.0.2\bin\java.exe
0x00007ffee4520000 - 0x00007ffee4787000 	C:\WINDOWS\SYSTEM32\ntdll.dll
0x00007ffee2a20000 - 0x00007ffee2ae9000 	C:\WINDOWS\System32\KERNEL32.DLL
0x00007ffee1020000 - 0x00007ffee1414000 	C:\WINDOWS\System32\KERNELBASE.dll
0x00007ffee1590000 - 0x00007ffee16db000 	C:\WINDOWS\System32\ucrtbase.dll
0x00007ffecc440000 - 0x00007ffecc45e000 	C:\Users\AsusZenBook\.jdks\openjdk-25.0.2\bin\VCRUNTIME140.dll
0x00007ffecc780000 - 0x00007ffecc797000 	C:\Users\AsusZenBook\.jdks\openjdk-25.0.2\bin\jli.dll
0x00007ffee2490000 - 0x00007ffee2655000 	C:\WINDOWS\System32\USER32.dll
0x00007ffec2670000 - 0x00007ffec2903000 	C:\WINDOWS\WinSxS\amd64_microsoft.windows.common-controls_6595b64144ccf1df_6.0.26100.8115_none_3e075c82e3354f9c\COMCTL32.dll
0x00007ffee21d0000 - 0x00007ffee21f7000 	C:\WINDOWS\System32\win32u.dll
0x00007ffee4430000 - 0x00007ffee44d9000 	C:\WINDOWS\System32\msvcrt.dll
0x00007ffee3440000 - 0x00007ffee346b000 	C:\WINDOWS\System32\GDI32.dll
0x00007ffee20a0000 - 0x00007ffee21cb000 	C:\WINDOWS\System32\gdi32full.dll
0x00007ffee0f70000 - 0x00007ffee1013000 	C:\WINDOWS\System32\msvcp_win.dll
0x00007ffee4270000 - 0x00007ffee42a2000 	C:\WINDOWS\System32\IMM32.DLL
0x00007ffecc430000 - 0x00007ffecc43c000 	C:\Users\AsusZenBook\.jdks\openjdk-25.0.2\bin\vcruntime140_1.dll
0x00007ffeb2840000 - 0x00007ffeb28cd000 	C:\Users\AsusZenBook\.jdks\openjdk-25.0.2\bin\msvcp140.dll
0x00007ffe2bbc0000 - 0x00007ffe2ca1f000 	C:\Users\AsusZenBook\.jdks\openjdk-25.0.2\bin\server\jvm.dll
0x00007ffee3ec0000 - 0x00007ffee3f76000 	C:\WINDOWS\System32\ADVAPI32.dll
0x00007ffee2bf0000 - 0x00007ffee2c97000 	C:\WINDOWS\System32\sechost.dll
0x00007ffee2370000 - 0x00007ffee2488000 	C:\WINDOWS\System32\RPCRT4.dll
0x00007ffee3fe0000 - 0x00007ffee4060000 	C:\WINDOWS\System32\WS2_32.dll
0x00007ffedf810000 - 0x00007ffedf81b000 	C:\WINDOWS\SYSTEM32\VERSION.dll
0x00007ffec52b0000 - 0x00007ffec52e6000 	C:\WINDOWS\SYSTEM32\WINMM.dll
0x00007ffee0c50000 - 0x00007ffee0cae000 	C:\WINDOWS\SYSTEM32\POWRPROF.dll
0x00007ffee0c30000 - 0x00007ffee0c44000 	C:\WINDOWS\SYSTEM32\UMPDC.dll
0x00007ffedfb80000 - 0x00007ffedfb9b000 	C:\WINDOWS\SYSTEM32\kernel.appcore.dll
0x00007ffecc420000 - 0x00007ffecc42a000 	C:\Users\AsusZenBook\.jdks\openjdk-25.0.2\bin\jimage.dll
0x00007ffedbb90000 - 0x00007ffedbdd2000 	C:\WINDOWS\SYSTEM32\DBGHELP.DLL
0x00007ffee2690000 - 0x00007ffee2a12000 	C:\WINDOWS\System32\combase.dll
0x00007ffee3510000 - 0x00007ffee35e8000 	C:\WINDOWS\System32\OLEAUT32.dll
0x00007ffeb8b40000 - 0x00007ffeb8b7b000 	C:\WINDOWS\SYSTEM32\dbgcore.DLL
0x00007ffee2200000 - 0x00007ffee22a5000 	C:\WINDOWS\System32\bcryptPrimitives.dll
0x00007ffecc410000 - 0x00007ffecc420000 	C:\Users\AsusZenBook\.jdks\openjdk-25.0.2\bin\instrument.dll
0x00007ffecc0f0000 - 0x00007ffecc10f000 	C:\Users\AsusZenBook\.jdks\openjdk-25.0.2\bin\java.dll
0x00007ffee40d0000 - 0x00007ffee4267000 	C:\WINDOWS\System32\ole32.dll
0x00007ffee35f0000 - 0x00007ffee3d57000 	C:\WINDOWS\System32\SHELL32.dll
0x00007ffee1420000 - 0x00007ffee158a000 	C:\WINDOWS\System32\wintypes.dll
0x00007ffee1830000 - 0x00007ffee2098000 	C:\WINDOWS\System32\windows.storage.dll
0x00007ffee4330000 - 0x00007ffee4428000 	C:\WINDOWS\System32\SHCORE.dll
0x00007ffee42c0000 - 0x00007ffee4326000 	C:\WINDOWS\System32\shlwapi.dll
0x00007ffee0d10000 - 0x00007ffee0d39000 	C:\WINDOWS\SYSTEM32\profapi.dll
0x00007ffec3850000 - 0x00007ffec3862000 	C:\Users\AsusZenBook\.jdks\openjdk-25.0.2\bin\net.dll
0x00007ffee00f0000 - 0x00007ffee015c000 	C:\WINDOWS\system32\mswsock.dll
0x00007ffec3830000 - 0x00007ffec3846000 	C:\Users\AsusZenBook\.jdks\openjdk-25.0.2\bin\nio.dll
0x00007ffec3630000 - 0x00007ffec3647000 	C:\Users\AsusZenBook\.jdks\openjdk-25.0.2\bin\zip.dll
0x0000021581cf0000 - 0x0000021581cf3000 	C:\Users\AsusZenBook\.openjfx\cache\21.0.6+3\amd64\api-ms-win-core-console-l1-1-0.dll
0x0000021581d00000 - 0x0000021581d03000 	C:\Users\AsusZenBook\.openjfx\cache\21.0.6+3\amd64\api-ms-win-core-console-l1-2-0.dll
0x0000021581d10000 - 0x0000021581d13000 	C:\Users\AsusZenBook\.openjfx\cache\21.0.6+3\amd64\api-ms-win-core-datetime-l1-1-0.dll
0x000002159eea0000 - 0x000002159eea3000 	C:\Users\AsusZenBook\.openjfx\cache\21.0.6+3\amd64\api-ms-win-core-debug-l1-1-0.dll
0x000002159eeb0000 - 0x000002159eeb3000 	C:\Users\AsusZenBook\.openjfx\cache\21.0.6+3\amd64\api-ms-win-core-errorhandling-l1-1-0.dll
0x000002159eec0000 - 0x000002159eec4000 	C:\Users\AsusZenBook\.openjfx\cache\21.0.6+3\amd64\api-ms-win-core-file-l1-1-0.dll
0x000002159eed0000 - 0x000002159eed3000 	C:\Users\AsusZenBook\.openjfx\cache\21.0.6+3\amd64\api-ms-win-core-file-l1-2-0.dll
0x000002159eee0000 - 0x000002159eee3000 	C:\Users\AsusZenBook\.openjfx\cache\21.0.6+3\amd64\api-ms-win-core-file-l2-1-0.dll
0x000002159eef0000 - 0x000002159eef3000 	C:\Users\AsusZenBook\.openjfx\cache\21.0.6+3\amd64\api-ms-win-core-handle-l1-1-0.dll
0x000002159ef00000 - 0x000002159ef03000 	C:\Users\AsusZenBook\.openjfx\cache\21.0.6+3\amd64\api-ms-win-core-heap-l1-1-0.dll
0x000002159ef10000 - 0x000002159ef13000 	C:\Users\AsusZenBook\.openjfx\cache\21.0.6+3\amd64\api-ms-win-core-interlocked-l1-1-0.dll
0x000002159ef20000 - 0x000002159ef23000 	C:\Users\AsusZenBook\.openjfx\cache\21.0.6+3\amd64\api-ms-win-core-libraryloader-l1-1-0.dll
0x000002159ec60000 - 0x000002159ec63000 	C:\Users\AsusZenBook\.openjfx\cache\21.0.6+3\amd64\api-ms-win-core-localization-l1-2-0.dll
0x000002159ec70000 - 0x000002159ec73000 	C:\Users\AsusZenBook\.openjfx\cache\21.0.6+3\amd64\api-ms-win-core-memory-l1-1-0.dll
0x000002159ec80000 - 0x000002159ec83000 	C:\Users\AsusZenBook\.openjfx\cache\21.0.6+3\amd64\api-ms-win-core-namedpipe-l1-1-0.dll
0x000002159ec90000 - 0x000002159ec93000 	C:\Users\AsusZenBook\.openjfx\cache\21.0.6+3\amd64\api-ms-win-core-processenvironment-l1-1-0.dll
0x000002159eca0000 - 0x000002159eca3000 	C:\Users\AsusZenBook\.openjfx\cache\21.0.6+3\amd64\api-ms-win-core-processthreads-l1-1-0.dll
0x000002159ecb0000 - 0x000002159ecb3000 	C:\Users\AsusZenBook\.openjfx\cache\21.0.6+3\amd64\api-ms-win-core-processthreads-l1-1-1.dll
0x000002159ecc0000 - 0x000002159ecc3000 	C:\Users\AsusZenBook\.openjfx\cache\21.0.6+3\amd64\api-ms-win-core-profile-l1-1-0.dll
0x000002159ecd0000 - 0x000002159ecd3000 	C:\Users\AsusZenBook\.openjfx\cache\21.0.6+3\amd64\api-ms-win-core-rtlsupport-l1-1-0.dll
0x000002159ece0000 - 0x000002159ece3000 	C:\Users\AsusZenBook\.openjfx\cache\21.0.6+3\amd64\api-ms-win-core-string-l1-1-0.dll
0x000002159ecf0000 - 0x000002159ecf3000 	C:\Users\AsusZenBook\.openjfx\cache\21.0.6+3\amd64\api-ms-win-core-synch-l1-1-0.dll
0x000002159ed00000 - 0x000002159ed03000 	C:\Users\AsusZenBook\.openjfx\cache\21.0.6+3\amd64\api-ms-win-core-synch-l1-2-0.dll
0x000002159ed10000 - 0x000002159ed13000 	C:\Users\AsusZenBook\.openjfx\cache\21.0.6+3\amd64\api-ms-win-core-sysinfo-l1-1-0.dll
0x000002159ed20000 - 0x000002159ed23000 	C:\Users\AsusZenBook\.openjfx\cache\21.0.6+3\amd64\api-ms-win-core-timezone-l1-1-0.dll
0x000002159ed30000 - 0x000002159ed33000 	C:\Users\AsusZenBook\.openjfx\cache\21.0.6+3\amd64\api-ms-win-core-util-l1-1-0.dll
0x000002159ed40000 - 0x000002159ed43000 	C:\Users\AsusZenBook\.openjfx\cache\21.0.6+3\amd64\api-ms-win-crt-conio-l1-1-0.dll
0x000002159ed50000 - 0x000002159ed54000 	C:\Users\AsusZenBook\.openjfx\cache\21.0.6+3\amd64\api-ms-win-crt-convert-l1-1-0.dll
0x000002159ed60000 - 0x000002159ed63000 	C:\Users\AsusZenBook\.openjfx\cache\21.0.6+3\amd64\api-ms-win-crt-environment-l1-1-0.dll
0x000002159ed70000 - 0x000002159ed73000 	C:\Users\AsusZenBook\.openjfx\cache\21.0.6+3\amd64\api-ms-win-crt-filesystem-l1-1-0.dll
0x000002159ed80000 - 0x000002159ed83000 	C:\Users\AsusZenBook\.openjfx\cache\21.0.6+3\amd64\api-ms-win-crt-heap-l1-1-0.dll
0x000002159ed90000 - 0x000002159ed93000 	C:\Users\AsusZenBook\.openjfx\cache\21.0.6+3\amd64\api-ms-win-crt-locale-l1-1-0.dll
0x000002159eda0000 - 0x000002159eda5000 	C:\Users\AsusZenBook\.openjfx\cache\21.0.6+3\amd64\api-ms-win-crt-math-l1-1-0.dll
0x000002159edb0000 - 0x000002159edb5000 	C:\Users\AsusZenBook\.openjfx\cache\21.0.6+3\amd64\api-ms-win-crt-multibyte-l1-1-0.dll
0x000002159edc0000 - 0x000002159edd0000 	C:\Users\AsusZenBook\.openjfx\cache\21.0.6+3\amd64\api-ms-win-crt-private-l1-1-0.dll
0x000002159edd0000 - 0x000002159edd3000 	C:\Users\AsusZenBook\.openjfx\cache\21.0.6+3\amd64\api-ms-win-crt-process-l1-1-0.dll
0x000002159ede0000 - 0x000002159ede4000 	C:\Users\AsusZenBook\.openjfx\cache\21.0.6+3\amd64\api-ms-win-crt-runtime-l1-1-0.dll
0x000002159edf0000 - 0x000002159edf4000 	C:\Users\AsusZenBook\.openjfx\cache\21.0.6+3\amd64\api-ms-win-crt-stdio-l1-1-0.dll
0x000002159ee00000 - 0x000002159ee04000 	C:\Users\AsusZenBook\.openjfx\cache\21.0.6+3\amd64\api-ms-win-crt-string-l1-1-0.dll
0x000002159ee10000 - 0x000002159ee13000 	C:\Users\AsusZenBook\.openjfx\cache\21.0.6+3\amd64\api-ms-win-crt-time-l1-1-0.dll
0x000002159ee20000 - 0x000002159ee23000 	C:\Users\AsusZenBook\.openjfx\cache\21.0.6+3\amd64\api-ms-win-crt-utility-l1-1-0.dll
0x00007ffeb0a00000 - 0x00007ffeb0afc000 	C:\Users\AsusZenBook\.openjfx\cache\21.0.6+3\amd64\ucrtbase.dll
0x00007ffec3540000 - 0x00007ffec355b000 	C:\Users\AsusZenBook\.openjfx\cache\21.0.6+3\amd64\vcruntime140.dll
0x00007ffec3500000 - 0x00007ffec350c000 	C:\Users\AsusZenBook\.openjfx\cache\21.0.6+3\amd64\vcruntime140_1.dll
0x00007ffea53d0000 - 0x00007ffea545e000 	C:\Users\AsusZenBook\.openjfx\cache\21.0.6+3\amd64\msvcp140.dll
0x00007ffec34f0000 - 0x00007ffec34f9000 	C:\Users\AsusZenBook\.openjfx\cache\21.0.6+3\amd64\msvcp140_1.dll
0x00007ffeb4790000 - 0x00007ffeb47d1000 	C:\Users\AsusZenBook\.openjfx\cache\21.0.6+3\amd64\msvcp140_2.dll
0x00007ffeb9e50000 - 0x00007ffeb9e80000 	C:\Users\AsusZenBook\.openjfx\cache\21.0.6+3\amd64\prism_d3d.dll
0x00007ffea9d90000 - 0x00007ffea9f42000 	C:\WINDOWS\system32\d3d9.dll
0x00007ffedb4b0000 - 0x00007ffedb4df000 	C:\WINDOWS\SYSTEM32\dwmapi.dll
0x00007ffedb2f0000 - 0x00007ffedb333000 	C:\WINDOWS\SYSTEM32\dxcore.dll
0x00007ffedb210000 - 0x00007ffedb2b9000 	C:\WINDOWS\system32\uxtheme.dll
0x00007ffee0960000 - 0x00007ffee09b1000 	C:\WINDOWS\SYSTEM32\cfgmgr32.dll
0x00007ffed8c20000 - 0x00007ffed8c81000 	C:\WINDOWS\SYSTEM32\directxdatabasehelper.dll
0x00007ffee0500000 - 0x00007ffee0513000 	C:\WINDOWS\SYSTEM32\msasn1.dll
0x00007ffecfa60000 - 0x00007ffecfa9b000 	C:\WINDOWS\SYSTEM32\cryptnet.dll
0x00007ffee0df0000 - 0x00007ffee0f67000 	C:\WINDOWS\System32\CRYPT32.dll
0x00007ffee03f0000 - 0x00007ffee03fc000 	C:\WINDOWS\SYSTEM32\cryptbase.dll
0x00007ffee17a0000 - 0x00007ffee1822000 	C:\WINDOWS\System32\WINTRUST.DLL
0x00007ffee2660000 - 0x00007ffee2680000 	C:\WINDOWS\System32\imagehlp.dll
0x00007ffee03d0000 - 0x00007ffee03eb000 	C:\WINDOWS\SYSTEM32\CRYPTSP.dll
0x00007ffedfae0000 - 0x00007ffedfb19000 	C:\WINDOWS\system32\rsaenh.dll
0x00007ffee0ce0000 - 0x00007ffee0d0a000 	C:\WINDOWS\SYSTEM32\bcrypt.dll
0x00007ffea4b30000 - 0x00007ffea4b72000 	C:\Users\AsusZenBook\.openjfx\cache\21.0.6+3\amd64\glass.dll
0x00007ffee2af0000 - 0x00007ffee2bdf000 	C:\WINDOWS\System32\COMDLG32.dll
0x00007ffeb70c0000 - 0x00007ffeb7106000 	C:\WINDOWS\System32\DriverStore\FileRepository\asusscreenxpertbase.inf_amd64_9f04b015ed175292\AsusScreenXpertBase\AsusWallpaperSettingHook.dll
0x00007ffee3d60000 - 0x00007ffee3ebc000 	C:\WINDOWS\System32\MSCTF.dll
0x00007ffe9d9e0000 - 0x00007ffe9dae7000 	C:\WINDOWS\System32\DriverStore\FileRepository\nvam.inf_amd64_73ddbc5a9852db46\nvldumdx.dll
0x00007ffece540000 - 0x00007ffece6b8000 	C:\WINDOWS\SYSTEM32\drvstore.dll
0x00007ffee0930000 - 0x00007ffee095d000 	C:\WINDOWS\SYSTEM32\devobj.dll
0x00007ffee0490000 - 0x00007ffee04f8000 	C:\WINDOWS\SYSTEM32\wldp.dll
0x00007ffe3f220000 - 0x00007ffe409aa000 	C:\WINDOWS\System32\DriverStore\FileRepository\nvam.inf_amd64_73ddbc5a9852db46\nvd3dumx.dll
0x00007ffee0160000 - 0x00007ffee0190000 	C:\WINDOWS\SYSTEM32\gpapi.dll
0x00007ffe555e0000 - 0x00007ffe55743000 	C:\WINDOWS\System32\DriverStore\FileRepository\iigd_dch.inf_amd64_e9b40d45ab4dc6b8\igdumdim64.dll
0x00007ffe3a450000 - 0x00007ffe3de54000 	C:\WINDOWS\System32\DriverStore\FileRepository\iigd_dch.inf_amd64_e9b40d45ab4dc6b8\igd9dxva64.dll
0x00007ffee2cd0000 - 0x00007ffee3157000 	C:\WINDOWS\System32\SETUPAPI.dll
0x00007ffed5820000 - 0x00007ffed5a5f000 	C:\WINDOWS\System32\DriverStore\FileRepository\iigd_dch.inf_amd64_e9b40d45ab4dc6b8\igdgmm64.dll
0x00007ffeb4040000 - 0x00007ffeb4067000 	C:\WINDOWS\System32\DriverStore\FileRepository\iigd_dch.inf_amd64_e9b40d45ab4dc6b8\igdinfo64.dll
0x00007ffed2af0000 - 0x00007ffed5752000 	C:\WINDOWS\System32\DriverStore\FileRepository\iigd_dch.inf_amd64_e9b40d45ab4dc6b8\igc64.dll

JVMTI agents:
E:\IntelliJ IDEA 2025.3.3\lib\idea_rt.jar path:C:\Users\AsusZenBook\.jdks\openjdk-25.0.2\bin\instrument.dll, loaded, initialized, instrumentlib options:55866

dbghelp: loaded successfully - version: 4.0.5 - missing functions: none
symbol engine: initialized successfully - sym options: 0x614 - pdb path: .;C:\Users\AsusZenBook\.jdks\openjdk-25.0.2\bin;C:\WINDOWS\SYSTEM32;C:\WINDOWS\WinSxS\amd64_microsoft.windows.common-controls_6595b64144ccf1df_6.0.26100.8115_none_3e075c82e3354f9c;C:\Users\AsusZenBook\.jdks\openjdk-25.0.2\bin\server;C:\Users\AsusZenBook\.openjfx\cache\21.0.6+3\amd64;C:\WINDOWS\System32\DriverStore\FileRepository\asusscreenxpertbase.inf_amd64_9f04b015ed175292\AsusScreenXpertBase;C:\WINDOWS\System32\DriverStore\FileRepository\nvam.inf_amd64_73ddbc5a9852db46;C:\WINDOWS\System32\DriverStore\FileRepository\iigd_dch.inf_amd64_e9b40d45ab4dc6b8

VM Arguments:
jvm_args: -javaagent:E:\IntelliJ IDEA 2025.3.3\lib\idea_rt.jar=55866 -Dfile.encoding=UTF-8 -Dsun.stdout.encoding=UTF-8 -Dsun.stderr.encoding=UTF-8 --module-path=C:\Users\AsusZenBook\.m2\repository\org\controlsfx\controlsfx\11.2.1\controlsfx-11.2.1.jar;C:\Users\AsusZenBook\.m2\repository\org\openjfx\javafx-base\21.0.6\javafx-base-21.0.6-win.jar;C:\Users\AsusZenBook\.m2\repository\org\openjfx\javafx-graphics\21.0.6\javafx-graphics-21.0.6-win.jar;C:\Users\AsusZenBook\.m2\repository\org\openjfx\javafx-fxml\21.0.6\javafx-fxml-21.0.6-win.jar;C:\Users\AsusZenBook\IdeaProjects\auctionreal\target\classes;C:\Users\AsusZenBook\.m2\repository\org\openjfx\javafx-controls\21.0.6\javafx-controls-21.0.6-win.jar -Djdk.module.main=org.example.auctionreal 
java_command: org.example.auctionreal/org.example.auctionreal.HelloApplication
java_class_path (initial): C:\Users\AsusZenBook\.m2\repository\org\openjfx\javafx-controls\21.0.6\javafx-controls-21.0.6.jar;C:\Users\AsusZenBook\.m2\repository\org\openjfx\javafx-graphics\21.0.6\javafx-graphics-21.0.6.jar;C:\Users\AsusZenBook\.m2\repository\org\openjfx\javafx-base\21.0.6\javafx-base-21.0.6.jar;C:\Users\AsusZenBook\.m2\repository\com\mysql\mysql-connector-j\8.3.0\mysql-connector-j-8.3.0.jar;C:\Users\AsusZenBook\.m2\repository\com\google\protobuf\protobuf-java\3.25.1\protobuf-java-3.25.1.jar;C:\Users\AsusZenBook\.m2\repository\org\openjfx\javafx-fxml\21.0.6\javafx-fxml-21.0.6.jar
Launcher Type: SUN_STANDARD

[Global flags]
     intx CICompilerCount                          = 4                                         {product} {ergonomic}
     uint ConcGCThreads                            = 2                                         {product} {ergonomic}
     uint G1ConcRefinementThreads                  = 8                                         {product} {ergonomic}
   size_t G1HeapRegionSize                         = 1048576                                   {product} {ergonomic}
   size_t InitialHeapSize                          = 132120576                                 {product} {ergonomic}
   size_t MarkStackSize                            = 4194304                                   {product} {ergonomic}
   size_t MarkStackSizeMax                         = 536870912                                 {product} {ergonomic}
   size_t MaxHeapSize                              = 2095054848                                {product} {ergonomic}
   size_t MaxNewSize                               = 1256194048                                {product} {ergonomic}
   size_t MinHeapDeltaBytes                        = 1048576                                   {product} {ergonomic}
   size_t MinHeapSize                              = 8388608                                   {product} {ergonomic}
    uintx NonNMethodCodeHeapSize                   = 5832704                                {pd product} {ergonomic}
    uintx NonProfiledCodeHeapSize                  = 122945536                              {pd product} {ergonomic}
    uintx ProfiledCodeHeapSize                     = 122880000                              {pd product} {ergonomic}
    uintx ReservedCodeCacheSize                    = 251658240                              {pd product} {ergonomic}
     bool SegmentedCodeCache                       = true                                      {product} {ergonomic}
   size_t SoftMaxHeapSize                          = 2095054848                             {manageable} {ergonomic}
     bool UseCompressedOops                        = true                           {product lp64_product} {ergonomic}
     bool UseG1GC                                  = true                                      {product} {ergonomic}
     bool UseLargePagesIndividualAllocation        = false                                  {pd product} {ergonomic}

Logging:
Log output configuration:
 #0: stdout all=warning uptime,level,tags foldmultilines=false
 #1: stderr all=off uptime,level,tags foldmultilines=false

Release file:
IMPLEMENTOR="Oracle Corporation" 
JAVA_RUNTIME_VERSION="25.0.2+10-69" 
JAVA_VERSION="25.0.2" 
JAVA_VERSION_DATE="2026-01-20" 
LIBC="default" 
MODULES="java.base java.compiler java.datatransfer java.xml java.prefs java.desktop java.instrument java.logging java.management java.security.sasl java.naming java.rmi java.management.rmi java.net.http java.scripting java.security.jgss java.transaction.xa java.sql java.sql.rowset java.xml.crypto java.se java.smartcardio jdk.accessibility jdk.internal.jvmstat jdk.attach jdk.charsets jdk.internal.opt jdk.zipfs jdk.compiler jdk.crypto.cryptoki jdk.crypto.ec jdk.crypto.mscapi jdk.dynalink jdk.internal.ed jdk.editpad jdk.internal.vm.ci jdk.graal.compiler jdk.graal.compiler.management jdk.hotspot.agent jdk.httpserver jdk.incubator.vector jdk.internal.le jdk.internal.md jdk.jartool jdk.javadoc jdk.jcmd jdk.management jdk.management.agent jdk.jconsole jdk.jdeps jdk.jdwp.agent jdk.jdi jdk.jfr jdk.jlink jdk.jpackage jdk.jshell jdk.jsobject jdk.jstatd jdk.localedata jdk.management.jfr jdk.naming.dns jdk.naming.rmi jdk.net jdk.nio.mapmode jdk.sctp jdk.security.auth jdk.security.jgss jdk.unsupported jdk.unsupported.desktop jdk.xml.dom" 
OS_ARCH="x86_64" 
OS_NAME="Windows" 
SOURCE=".:git:405a5699ebd0" 

Environment Variables:
JAVA_HOME=C:\JAVA
PATH=C:\Program Files\Common Files\Oracle\Java\javapath;C:\Program Files (x86)\Razer Chroma SDK\bin;C:\Program Files\Razer Chroma SDK\bin;C:\Program Files (x86)\Common Files\Oracle\Java\javapath;C:\Windows\system32;C:\Windows;C:\Windows\System32\Wbem;C:\Windows\System32\WindowsPowerShell\v1.0\;C:\Windows\System32\OpenSSH\;C:\Program Files (x86)\NVIDIA Corporation\PhysX\Common;C:\Program Files (x86)\Calibre2\;C:\WINDOWS\system32;C:\WINDOWS;C:\WINDOWS\System32\Wbem;C:\WINDOWS\System32\WindowsPowerShell\v1.0\;C:\WINDOWS\System32\OpenSSH\;C:\WINDOWS\system32\config\systemprofile\AppData\Local\Microsoft\WindowsApps;C:\Program Files (x86)\Razer\ChromaBroadcast\bin;C:\Program Files\Razer\ChromaBroadcast\bin;C:\Users\AsusZenBook\AppData\Local\Microsoft\WindowsApps;C:\JAVA\bin;C:\Program Files\Git\cmd;C:\Users\AsusZenBook\AppData\Local\Programs\Python\Launcher\;C:\Users\AsusZenBook\anaconda3;C:\Users\AsusZenBook\anaconda3\Library\mingw-w64\bin;C:\Users\AsusZenBook\anaconda3\Library\usr\bin;C:\Users\AsusZenBook\anaconda3\Library\bin;C:\Users\AsusZenBook\anaconda3\Scripts;C:\Users\AsusZenBook\AppData\Local\Microsoft\WindowsApps;E:\Microsoft VS Code\bin;D:\Antigravity\bin
USERNAME=AsusZenBook
OS=Windows_NT
PROCESSOR_IDENTIFIER=Intel64 Family 6 Model 142 Stepping 12, GenuineIntel
TMP=C:\Users\AsusZenBook\AppData\Local\Temp
TEMP=C:\Users\AsusZenBook\AppData\Local\Temp




Compilation memory statistics disabled.

Periodic native trim disabled

---------------  S Y S T E M  ---------------

OS:
 Windows 11 , 64 bit Build 26100 (10.0.26100.8246)
OS uptime: 0 days 8:07 hours

CPU: total 8 (initial active 8) (4 cores per cpu, 2 threads per core) family 6 model 142 stepping 12 microcode 0xde, cx8, cmov, fxsr, ht, mmx, 3dnowpref, sse, sse2, sse3, ssse3, sse4.1, sse4.2, popcnt, lzcnt, tsc, tscinvbit, avx, avx2, aes, erms, clmul, bmi1, bmi2, adx, fma, vzeroupper, clflush, clflushopt, rdtscp, f16c
Processor Information for the first 8 processors :
  Max Mhz: 2112, Current Mhz: 1609, Mhz Limit: 1605

Memory: 4k page, system-wide physical 7990M (594M free)
TotalPageFile size 16022M (AvailPageFile size 88M)
current process WorkingSet (physical memory assigned to process): 103M, peak: 103M
current process commit charge ("private bytes"): 254M, peak: 254M

vm_info: OpenJDK 64-Bit Server VM (25.0.2+10-69) for windows-amd64 JRE (25.0.2+10-69), built on 2025-12-18T11:36:35Z with MS VC++ 17.13 (VS2022)

END.
